# Linux 系统资源查看管理常用命令
- 2015-03-06 13:43:55
- 操作系统与开发环境
- linux,ubuntu,命令,

<!--markdown-->### 查看CPU信息

    binkery@T400:~$ cat /proc/cpuinfo | grep name | cut -f2 -d: | uniq -c
          2  Intel(R) Core(TM)2 Duo CPU     P8400  @ 2.26GHz

2个逻辑CPU

    binkery@T400:~$ cat /proc/cpuinfo | grep physical | uniq -c
          1 physical id   : 0
          1 address sizes    : 36 bits physical, 48 bits virtual
          1 physical id  : 0
          1 address sizes    : 36 bits physical, 48 bits virtual

一颗CPU ，2个逻辑单元

    binkery@T400:~$ cat /proc/cpuinfo | grep flags | grep ' lm ' | wc -l
    2

(结果大于0, 说明支持64bit计算. lm指long mode, 支持lm则是64bit) 

    binkery@T400:~$ getconf LONG_BIT
    64

当前运行在64位模式下

### 查看内存信息


    binkery@T400:~$ cat /proc/meminfo

### 查看操作系统

    binkery@T400:~$ uname -a
    Linux T400 3.13.0-30-generic #55-Ubuntu SMP Fri Jul 4 21:40:53 UTC 2014 x86_64 x86_64 x86_64 GNU/Linux

### 操作系统的发行版本

    binkery@T400:~$ cat /etc/issue
    Ubuntu 14.04 LTS \n \l

### 查看机器的型号

    binkery@T400:~$ sudo dmidecode | grep "Product Name"
       Product Name: 276763C
       Product Name: 276763C

### 查看环境变量

    binkery@T400:~$ env

### 查看内存使用量和交换区使用量

    binkery@T400:~$ free -m
                 total       used       free     shared    buffers     cached
    Mem:          2841       2690        151        333         53        624
    -/+ buffers/cache:       2012        829
    Swap:         2966        130       2836

### 查看个分区使用情况

    binkery@T400:~$ df -h
    Filesystem      Size  Used Avail Use% Mounted on
    /dev/sda1       291G   40G  237G  15% /
    none            4.0K     0  4.0K   0% /sys/fs/cgroup
    udev            1.4G  4.0K  1.4G   1% /dev
    tmpfs           285M  1.3M  283M   1% /run
    none            5.0M     0  5.0M   0% /run/lock
    none            1.4G   26M  1.4G   2% /run/shm
    none            100M   88K  100M   1% /run/user

### 查看指定目录的大小

    binkery@T400:~$ du -sh Videos/
    4.1G    Videos/

### 查看系统运行时间，用户数量

    binkery@T400:~$ uptime
     10:46:03 up 7 days, 25 min,  4 users,  load average: 1.72, 1.52, 1.40

### 查看网络

    binkery@T400:~$ ifconfig

### 查看路由表

    binkery@T400:~$ route -n

### 查看所有监听端口

    binkery@T400:~$ netstat -lntp

### 查看所有已经建立的连接

    binkery@T400:~$ netstat -antp

### 查看所有进程

    binkery@T400:~$ ps -ef

### 查看活动用户

    binkery@T400:~$ w

### 查看系统所有用户

    binkery@T400:~$ cut -d: -f1 /etc/passwd

### 查看系统所有用户组

    binkery@T400:~$ cut -d: -f1 /etc/group

### 查看内存占用

    binkery@T400:~$ free
                 total       used       free     shared    buffers     cached
    Mem:       2909840    2779544     130296     340512      51300     576896
    -/+ buffers/cache:    2151348     758492
    Swap:      3038204     133328    2904876

* total : 总计物理内存大小
* used : 已使用大小
* free : 可用的
* shared : 多个进程共享的内存大小
* buffers/cached : 磁盘缓存大小
* -/+ buffers/cache : 磁盘缓存使用量和可用量